[00:00:00.000] (7f6a50dd11c0) INFO   Handling event Startup
[00:00:00.000] (7f6a4aff76c0) TRACE  registering event source with poller: token=Token(140093310373376), interests=READABLE | WRITABLE
[00:00:01.001] (7f6a50dd11c0) INFO   Handling event Tick
[00:00:02.002] (7f6a50dd11c0) INFO   Handling event Tick
[00:00:03.003] (7f6a50dd11c0) INFO   Handling event Tick
[00:00:03.365] (7f6a50bcb6c0) TRACE  registering event source with poller: token=Token(140094518333952), interests=READABLE | WRITABLE
[00:00:03.365] (7f6a50dd11c0) INFO   Handling event ClientConnected(PollEvented { io: Some(TcpStream { addr: 127.0.0.1:9003, peer: 127.0.0.1:49130, fd: 14 }) })
[00:00:03.365] (7f6a50dd11c0) DEBUG  [dbgp] << <?xml version="1.0" encoding="iso-8859-1"?>
<init xmlns="urn:debugger_protocol_v1" xmlns:xdebug="https://xdebug.org/dbgp/xdebug" fileuri="file:///home/daniel/www/dantleech/debug-tui/php/test.php" language="PHP" xdebug:language_version="8.4.3" protocol_version="1.0" appid="3772309" xdebug:ctrl_socket="xdebug-ctrl.3772309"><engine version="3.4.1"><![CDATA[Xdebug]]></engine><author><![CDATA[Derick Rethans]]></author><url><![CDATA[https://xdebug.org]]></url><copyright><![CDATA[Copyright (c) 2002-2025 by Derick Rethans]]></copyright></init>
[00:00:03.366] (7f6a50dd11c0) DEBUG  [dbgp] << <?xml version="1.0" encoding="iso-8859-1"?>
<init xmlns="urn:debugger_protocol_v1" xmlns:xdebug="https://xdebug.org/dbgp/xdebug" fileuri="file:///home/daniel/www/dantleech/debug-tui/php/test.php" language="PHP" xdebug:language_version="8.4.3" protocol_version="1.0" appid="3772309" xdebug:ctrl_socket="xdebug-ctrl.3772309"><engine version="3.4.1"><![CDATA[Xdebug]]></engine><author><![CDATA[Derick Rethans]]></author><url><![CDATA[https://xdebug.org]]></url><copyright><![CDATA[Copyright (c) 2002-2025 by Derick Rethans]]></copyright></init>
[00:00:03.366] (7f6a50dd11c0) DEBUG  [dbgp] >> source -i 0 -f file:///home/daniel/www/dantleech/debug-tui/php/test.php
[00:00:03.368] (7f6a50dd11c0) DEBUG  [dbgp] << <?xml version="1.0" encoding="iso-8859-1"?>
<response xmlns="urn:debugger_protocol_v1" xmlns:xdebug="https://xdebug.org/dbgp/xdebug" command="source" transaction_id="0" encoding="base64"><![CDATA[PD9waHAKCiRpbnQgPSAxMjM7CiRmbG9hdCA9IDEyMy40Owokc3RyaW5nID0gInN0cmluZyI7CiRib29sID0gdHJ1ZTsKCiRiYXogPSAkZm9vICsgJGJhcjsKCihuZXcgRm9vKHRydWUsICJmb28iKSktPm1ldGhvZDMoKTsKY2FsbF9mdW5jdGlvbigiaGVsbG8iKTsKCgoKZnVuY3Rpb24gY2FsbF9mdW5jdGlvbihzdHJpbmcgJGhlbGxvKSB7CiAgICAkdmFyID0gMTIzOwogICAgJG9iaiA9IG5ldyBGb28oZmFsc2UsICdnb29kIGRheScpOwogICAgYW5vdGhlcl9mdW5jdGlvbigkaGVsbG8pOwogICAgYW5vdGhlcl9mdW5jdGlvbigkaGVsbG8pOwogICAgYW5vdGhlcl9mdW5jdGlvbigkaGVsbG8pOwp9CgpmdW5jdGlvbiBhbm90aGVyX2Z1bmN0aW9uKHN0cmluZyAkZ29vZGJ5ZSkgewogICAgZWNobyAkZ29vZGJ5ZTsKCgogICAgZm9yZWFjaCAoWydvbmUnLCAndHdvJywgJ3RocmVlJywgJ2ZvdXInXSBhcyAkbnVtYmVyKSB7CiAgICAgICAgaWYgKCRudW1iZXIgPT09ICdvbmUnKSB7CiAgICAgICAgICAgIGVjaG8gIm51bWJlciI7CiAgICAgICAgfQogICAgICAgIGVjaG8gJG51bWJlcjsKICAgIH0KfQoKY2xhc3MgRm9vIHsKICAgIHB1YmxpYyBmdW5jdGlvbiBfX2NvbnN0cnVjdChwdWJsaWMgYm9vbCAkdHJ1ZSwgcHVibGljIHN0cmluZyAkYmFyKSB7fQogICAgcHVibGljIGZ1bmN0aW9uIG1ldGhvZDEoKSB7CiAgICB9CiAgICBwdWJsaWMgZnVuY3Rpb24gbWV0aG9kMigpIHsKICAgIH0KICAgIHB1YmxpYyBmdW5jdGlvbiBtZXRob2QzKCkgewogICAgfQp9Cgo=]]></response>
[00:00:03.368] (7f6a50dd11c0) DEBUG  [dbgp] << <?xml version="1.0" encoding="iso-8859-1"?>
<response xmlns="urn:debugger_protocol_v1" xmlns:xdebug="https://xdebug.org/dbgp/xdebug" command="source" transaction_id="0" encoding="base64"><![CDATA[PD9waHAKCiRpbnQgPSAxMjM7CiRmbG9hdCA9IDEyMy40Owokc3RyaW5nID0gInN0cmluZyI7CiRib29sID0gdHJ1ZTsKCiRiYXogPSAkZm9vICsgJGJhcjsKCihuZXcgRm9vKHRydWUsICJmb28iKSktPm1ldGhvZDMoKTsKY2FsbF9mdW5jdGlvbigiaGVsbG8iKTsKCgoKZnVuY3Rpb24gY2FsbF9mdW5jdGlvbihzdHJpbmcgJGhlbGxvKSB7CiAgICAkdmFyID0gMTIzOwogICAgJG9iaiA9IG5ldyBGb28oZmFsc2UsICdnb29kIGRheScpOwogICAgYW5vdGhlcl9mdW5jdGlvbigkaGVsbG8pOwogICAgYW5vdGhlcl9mdW5jdGlvbigkaGVsbG8pOwogICAgYW5vdGhlcl9mdW5jdGlvbigkaGVsbG8pOwp9CgpmdW5jdGlvbiBhbm90aGVyX2Z1bmN0aW9uKHN0cmluZyAkZ29vZGJ5ZSkgewogICAgZWNobyAkZ29vZGJ5ZTsKCgogICAgZm9yZWFjaCAoWydvbmUnLCAndHdvJywgJ3RocmVlJywgJ2ZvdXInXSBhcyAkbnVtYmVyKSB7CiAgICAgICAgaWYgKCRudW1iZXIgPT09ICdvbmUnKSB7CiAgICAgICAgICAgIGVjaG8gIm51bWJlciI7CiAgICAgICAgfQogICAgICAgIGVjaG8gJG51bWJlcjsKICAgIH0KfQoKY2xhc3MgRm9vIHsKICAgIHB1YmxpYyBmdW5jdGlvbiBfX2NvbnN0cnVjdChwdWJsaWMgYm9vbCAkdHJ1ZSwgcHVibGljIHN0cmluZyAkYmFyKSB7fQogICAgcHVibGljIGZ1bmN0aW9uIG1ldGhvZDEoKSB7CiAgICB9CiAgICBwdWJsaWMgZnVuY3Rpb24gbWV0aG9kMigpIHsKICAgIH0KICAgIHB1YmxpYyBmdW5jdGlvbiBtZXRob2QzKCkgewogICAgfQp9Cgo=]]></response>
[00:00:04.004] (7f6a50dd11c0) INFO   Handling event Tick
[00:00:04.617] (7f6a50dd11c0) INFO   Handling event Input(KeyEvent { code: Char('n'), modifiers: KeyModifiers(0x0), kind: Press, state: KeyEventState(0x0) })
[00:00:04.618] (7f6a50dd11c0) INFO   Handling event Tick
[00:00:04.619] (7f6a50dd11c0) INFO   Handling event StepInto
[00:00:04.619] (7f6a50bcb6c0) INFO   Running iteration 0/1
[00:00:04.620] (7f6a50bcb6c0) DEBUG  [dbgp] >> step_into -i 1 
[00:00:04.620] (7f6a4b5fa6c0) DEBUG  [dbgp] << <?xml version="1.0" encoding="iso-8859-1"?>
<response xmlns="urn:debugger_protocol_v1" xmlns:xdebug="https://xdebug.org/dbgp/xdebug" command="step_into" transaction_id="1" status="break" reason="ok"><xdebug:message filename="file:///home/daniel/www/dantleech/debug-tui/php/test.php" lineno="3"></xdebug:message></response>
[00:00:04.620] (7f6a4b5fa6c0) DEBUG  [dbgp] << <?xml version="1.0" encoding="iso-8859-1"?>
<response xmlns="urn:debugger_protocol_v1" xmlns:xdebug="https://xdebug.org/dbgp/xdebug" command="step_into" transaction_id="1" status="break" reason="ok"><xdebug:message filename="file:///home/daniel/www/dantleech/debug-tui/php/test.php" lineno="3"></xdebug:message></response>
[00:00:04.620] (7f6a50dd11c0) INFO   Handling event Snapshot
[00:00:04.620] (7f6a50dd11c0) DEBUG  [dbgp] >> stack_get -i 2 -n 0
[00:00:04.620] (7f6a50dd11c0) DEBUG  [dbgp] << <?xml version="1.0" encoding="iso-8859-1"?>
<response xmlns="urn:debugger_protocol_v1" xmlns:xdebug="https://xdebug.org/dbgp/xdebug" command="stack_get" transaction_id="2"><stack where="{main}" level="0" type="file" filename="file:///home/daniel/www/dantleech/debug-tui/php/test.php" lineno="3"></stack></response>
[00:00:04.621] (7f6a50dd11c0) DEBUG  [dbgp] << <?xml version="1.0" encoding="iso-8859-1"?>
<response xmlns="urn:debugger_protocol_v1" xmlns:xdebug="https://xdebug.org/dbgp/xdebug" command="stack_get" transaction_id="2"><stack where="{main}" level="0" type="file" filename="file:///home/daniel/www/dantleech/debug-tui/php/test.php" lineno="3"></stack></response>
[00:00:04.621] (7f6a50dd11c0) DEBUG  [dbgp] >> source -i 3 -f file:///home/daniel/www/dantleech/debug-tui/php/test.php
[00:00:04.624] (7f6a50dd11c0) DEBUG  [dbgp] << <?xml version="1.0" encoding="iso-8859-1"?>
<response xmlns="urn:debugger_protocol_v1" xmlns:xdebug="https://xdebug.org/dbgp/xdebug" command="source" transaction_id="3" encoding="base64"><![CDATA[PD9waHAKCiRpbnQgPSAxMjM7CiRmbG9hdCA9IDEyMy40Owokc3RyaW5nID0gInN0cmluZyI7CiRib29sID0gdHJ1ZTsKCiRiYXogPSAkZm9vICsgJGJhcjsKCihuZXcgRm9vKHRydWUsICJmb28iKSktPm1ldGhvZDMoKTsKY2FsbF9mdW5jdGlvbigiaGVsbG8iKTsKCgoKZnVuY3Rpb24gY2FsbF9mdW5jdGlvbihzdHJpbmcgJGhlbGxvKSB7CiAgICAkdmFyID0gMTIzOwogICAgJG9iaiA9IG5ldyBGb28oZmFsc2UsICdnb29kIGRheScpOwogICAgYW5vdGhlcl9mdW5jdGlvbigkaGVsbG8pOwogICAgYW5vdGhlcl9mdW5jdGlvbigkaGVsbG8pOwogICAgYW5vdGhlcl9mdW5jdGlvbigkaGVsbG8pOwp9CgpmdW5jdGlvbiBhbm90aGVyX2Z1bmN0aW9uKHN0cmluZyAkZ29vZGJ5ZSkgewogICAgZWNobyAkZ29vZGJ5ZTsKCgogICAgZm9yZWFjaCAoWydvbmUnLCAndHdvJywgJ3RocmVlJywgJ2ZvdXInXSBhcyAkbnVtYmVyKSB7CiAgICAgICAgaWYgKCRudW1iZXIgPT09ICdvbmUnKSB7CiAgICAgICAgICAgIGVjaG8gIm51bWJlciI7CiAgICAgICAgfQogICAgICAgIGVjaG8gJG51bWJlcjsKICAgIH0KfQoKY2xhc3MgRm9vIHsKICAgIHB1YmxpYyBmdW5jdGlvbiBfX2NvbnN0cnVjdChwdWJsaWMgYm9vbCAkdHJ1ZSwgcHVibGljIHN0cmluZyAkYmFyKSB7fQogICAgcHVibGljIGZ1bmN0aW9uIG1ldGhvZDEoKSB7CiAgICB9CiAgICBwdWJsaWMgZnVuY3Rpb24gbWV0aG9kMigpIHsKICAgIH0KICAgIHB1YmxpYyBmdW5jdGlvbiBtZXRob2QzKCkgewogICAgfQp9Cgo=]]></response>
[00:00:04.624] (7f6a50dd11c0) DEBUG  [dbgp] << <?xml version="1.0" encoding="iso-8859-1"?>
<response xmlns="urn:debugger_protocol_v1" xmlns:xdebug="https://xdebug.org/dbgp/xdebug" command="source" transaction_id="3" encoding="base64"><![CDATA[PD9waHAKCiRpbnQgPSAxMjM7CiRmbG9hdCA9IDEyMy40Owokc3RyaW5nID0gInN0cmluZyI7CiRib29sID0gdHJ1ZTsKCiRiYXogPSAkZm9vICsgJGJhcjsKCihuZXcgRm9vKHRydWUsICJmb28iKSktPm1ldGhvZDMoKTsKY2FsbF9mdW5jdGlvbigiaGVsbG8iKTsKCgoKZnVuY3Rpb24gY2FsbF9mdW5jdGlvbihzdHJpbmcgJGhlbGxvKSB7CiAgICAkdmFyID0gMTIzOwogICAgJG9iaiA9IG5ldyBGb28oZmFsc2UsICdnb29kIGRheScpOwogICAgYW5vdGhlcl9mdW5jdGlvbigkaGVsbG8pOwogICAgYW5vdGhlcl9mdW5jdGlvbigkaGVsbG8pOwogICAgYW5vdGhlcl9mdW5jdGlvbigkaGVsbG8pOwp9CgpmdW5jdGlvbiBhbm90aGVyX2Z1bmN0aW9uKHN0cmluZyAkZ29vZGJ5ZSkgewogICAgZWNobyAkZ29vZGJ5ZTsKCgogICAgZm9yZWFjaCAoWydvbmUnLCAndHdvJywgJ3RocmVlJywgJ2ZvdXInXSBhcyAkbnVtYmVyKSB7CiAgICAgICAgaWYgKCRudW1iZXIgPT09ICdvbmUnKSB7CiAgICAgICAgICAgIGVjaG8gIm51bWJlciI7CiAgICAgICAgfQogICAgICAgIGVjaG8gJG51bWJlcjsKICAgIH0KfQoKY2xhc3MgRm9vIHsKICAgIHB1YmxpYyBmdW5jdGlvbiBfX2NvbnN0cnVjdChwdWJsaWMgYm9vbCAkdHJ1ZSwgcHVibGljIHN0cmluZyAkYmFyKSB7fQogICAgcHVibGljIGZ1bmN0aW9uIG1ldGhvZDEoKSB7CiAgICB9CiAgICBwdWJsaWMgZnVuY3Rpb24gbWV0aG9kMigpIHsKICAgIH0KICAgIHB1YmxpYyBmdW5jdGlvbiBtZXRob2QzKCkgewogICAgfQp9Cgo=]]></response>
[00:00:04.624] (7f6a50dd11c0) DEBUG  [dbgp] >> context_get -i 4 
[00:00:04.624] (7f6a50dd11c0) DEBUG  [dbgp] << <?xml version="1.0" encoding="iso-8859-1"?>
<response xmlns="urn:debugger_protocol_v1" xmlns:xdebug="https://xdebug.org/dbgp/xdebug" command="context_get" transaction_id="4" context="0"><property name="$bar" fullname="$bar" type="uninitialized"></property><property name="$baz" fullname="$baz" type="uninitialized"></property><property name="$bool" fullname="$bool" type="uninitialized"></property><property name="$float" fullname="$float" type="uninitialized"></property><property name="$foo" fullname="$foo" type="uninitialized"></property><property name="$int" fullname="$int" type="uninitialized"></property><property name="$string" fullname="$string" type="uninitialized"></property></response>
[00:00:04.624] (7f6a50dd11c0) DEBUG  [dbgp] << <?xml version="1.0" encoding="iso-8859-1"?>
<response xmlns="urn:debugger_protocol_v1" xmlns:xdebug="https://xdebug.org/dbgp/xdebug" command="context_get" transaction_id="4" context="0"><property name="$bar" fullname="$bar" type="uninitialized"></property><property name="$baz" fullname="$baz" type="uninitialized"></property><property name="$bool" fullname="$bool" type="uninitialized"></property><property name="$float" fullname="$float" type="uninitialized"></property><property name="$foo" fullname="$foo" type="uninitialized"></property><property name="$int" fullname="$int" type="uninitialized"></property><property name="$string" fullname="$string" type="uninitialized"></property></response>
[00:00:04.625] (7f6a50dd11c0) INFO   Handling event UpdateStatus(Break)
[00:00:05.205] (7f6a50dd11c0) INFO   Handling event Input(KeyEvent { code: Char('n'), modifiers: KeyModifiers(0x0), kind: Press, state: KeyEventState(0x0) })
[00:00:05.209] (7f6a50dd11c0) INFO   Handling event Tick
[00:00:05.212] (7f6a50dd11c0) INFO   Handling event StepInto
[00:00:05.212] (7f6a4b5fa6c0) INFO   Running iteration 0/1
[00:00:05.212] (7f6a4b5fa6c0) DEBUG  [dbgp] >> step_into -i 5 
[00:00:05.213] (7f6a50bcb6c0) DEBUG  [dbgp] << <?xml version="1.0" encoding="iso-8859-1"?>
<response xmlns="urn:debugger_protocol_v1" xmlns:xdebug="https://xdebug.org/dbgp/xdebug" command="step_into" transaction_id="5" status="break" reason="ok"><xdebug:message filename="file:///home/daniel/www/dantleech/debug-tui/php/test.php" lineno="4"></xdebug:message></response>
[00:00:05.213] (7f6a50bcb6c0) DEBUG  [dbgp] << <?xml version="1.0" encoding="iso-8859-1"?>
<response xmlns="urn:debugger_protocol_v1" xmlns:xdebug="https://xdebug.org/dbgp/xdebug" command="step_into" transaction_id="5" status="break" reason="ok"><xdebug:message filename="file:///home/daniel/www/dantleech/debug-tui/php/test.php" lineno="4"></xdebug:message></response>
[00:00:05.214] (7f6a50dd11c0) INFO   Handling event Snapshot
[00:00:05.215] (7f6a50dd11c0) DEBUG  [dbgp] >> stack_get -i 6 -n 0
[00:00:05.215] (7f6a50dd11c0) DEBUG  [dbgp] << <?xml version="1.0" encoding="iso-8859-1"?>
<response xmlns="urn:debugger_protocol_v1" xmlns:xdebug="https://xdebug.org/dbgp/xdebug" command="stack_get" transaction_id="6"><stack where="{main}" level="0" type="file" filename="file:///home/daniel/www/dantleech/debug-tui/php/test.php" lineno="4"></stack></response>
[00:00:05.215] (7f6a50dd11c0) DEBUG  [dbgp] << <?xml version="1.0" encoding="iso-8859-1"?>
<response xmlns="urn:debugger_protocol_v1" xmlns:xdebug="https://xdebug.org/dbgp/xdebug" command="stack_get" transaction_id="6"><stack where="{main}" level="0" type="file" filename="file:///home/daniel/www/dantleech/debug-tui/php/test.php" lineno="4"></stack></response>
[00:00:05.215] (7f6a50dd11c0) DEBUG  [dbgp] >> source -i 7 -f file:///home/daniel/www/dantleech/debug-tui/php/test.php
[00:00:05.222] (7f6a50dd11c0) DEBUG  [dbgp] << <?xml version="1.0" encoding="iso-8859-1"?>
<response xmlns="urn:debugger_protocol_v1" xmlns:xdebug="https://xdebug.org/dbgp/xdebug" command="source" transaction_id="7" encoding="base64"><![CDATA[PD9waHAKCiRpbnQgPSAxMjM7CiRmbG9hdCA9IDEyMy40Owokc3RyaW5nID0gInN0cmluZyI7CiRib29sID0gdHJ1ZTsKCiRiYXogPSAkZm9vICsgJGJhcjsKCihuZXcgRm9vKHRydWUsICJmb28iKSktPm1ldGhvZDMoKTsKY2FsbF9mdW5jdGlvbigiaGVsbG8iKTsKCgoKZnVuY3Rpb24gY2FsbF9mdW5jdGlvbihzdHJpbmcgJGhlbGxvKSB7CiAgICAkdmFyID0gMTIzOwogICAgJG9iaiA9IG5ldyBGb28oZmFsc2UsICdnb29kIGRheScpOwogICAgYW5vdGhlcl9mdW5jdGlvbigkaGVsbG8pOwogICAgYW5vdGhlcl9mdW5jdGlvbigkaGVsbG8pOwogICAgYW5vdGhlcl9mdW5jdGlvbigkaGVsbG8pOwp9CgpmdW5jdGlvbiBhbm90aGVyX2Z1bmN0aW9uKHN0cmluZyAkZ29vZGJ5ZSkgewogICAgZWNobyAkZ29vZGJ5ZTsKCgogICAgZm9yZWFjaCAoWydvbmUnLCAndHdvJywgJ3RocmVlJywgJ2ZvdXInXSBhcyAkbnVtYmVyKSB7CiAgICAgICAgaWYgKCRudW1iZXIgPT09ICdvbmUnKSB7CiAgICAgICAgICAgIGVjaG8gIm51bWJlciI7CiAgICAgICAgfQogICAgICAgIGVjaG8gJG51bWJlcjsKICAgIH0KfQoKY2xhc3MgRm9vIHsKICAgIHB1YmxpYyBmdW5jdGlvbiBfX2NvbnN0cnVjdChwdWJsaWMgYm9vbCAkdHJ1ZSwgcHVibGljIHN0cmluZyAkYmFyKSB7fQogICAgcHVibGljIGZ1bmN0aW9uIG1ldGhvZDEoKSB7CiAgICB9CiAgICBwdWJsaWMgZnVuY3Rpb24gbWV0aG9kMigpIHsKICAgIH0KICAgIHB1YmxpYyBmdW5jdGlvbiBtZXRob2QzKCkgewogICAgfQp9Cgo=]]></response>
[00:00:05.223] (7f6a50dd11c0) DEBUG  [dbgp] << <?xml version="1.0" encoding="iso-8859-1"?>
<response xmlns="urn:debugger_protocol_v1" xmlns:xdebug="https://xdebug.org/dbgp/xdebug" command="source" transaction_id="7" encoding="base64"><![CDATA[PD9waHAKCiRpbnQgPSAxMjM7CiRmbG9hdCA9IDEyMy40Owokc3RyaW5nID0gInN0cmluZyI7CiRib29sID0gdHJ1ZTsKCiRiYXogPSAkZm9vICsgJGJhcjsKCihuZXcgRm9vKHRydWUsICJmb28iKSktPm1ldGhvZDMoKTsKY2FsbF9mdW5jdGlvbigiaGVsbG8iKTsKCgoKZnVuY3Rpb24gY2FsbF9mdW5jdGlvbihzdHJpbmcgJGhlbGxvKSB7CiAgICAkdmFyID0gMTIzOwogICAgJG9iaiA9IG5ldyBGb28oZmFsc2UsICdnb29kIGRheScpOwogICAgYW5vdGhlcl9mdW5jdGlvbigkaGVsbG8pOwogICAgYW5vdGhlcl9mdW5jdGlvbigkaGVsbG8pOwogICAgYW5vdGhlcl9mdW5jdGlvbigkaGVsbG8pOwp9CgpmdW5jdGlvbiBhbm90aGVyX2Z1bmN0aW9uKHN0cmluZyAkZ29vZGJ5ZSkgewogICAgZWNobyAkZ29vZGJ5ZTsKCgogICAgZm9yZWFjaCAoWydvbmUnLCAndHdvJywgJ3RocmVlJywgJ2ZvdXInXSBhcyAkbnVtYmVyKSB7CiAgICAgICAgaWYgKCRudW1iZXIgPT09ICdvbmUnKSB7CiAgICAgICAgICAgIGVjaG8gIm51bWJlciI7CiAgICAgICAgfQogICAgICAgIGVjaG8gJG51bWJlcjsKICAgIH0KfQoKY2xhc3MgRm9vIHsKICAgIHB1YmxpYyBmdW5jdGlvbiBfX2NvbnN0cnVjdChwdWJsaWMgYm9vbCAkdHJ1ZSwgcHVibGljIHN0cmluZyAkYmFyKSB7fQogICAgcHVibGljIGZ1bmN0aW9uIG1ldGhvZDEoKSB7CiAgICB9CiAgICBwdWJsaWMgZnVuY3Rpb24gbWV0aG9kMigpIHsKICAgIH0KICAgIHB1YmxpYyBmdW5jdGlvbiBtZXRob2QzKCkgewogICAgfQp9Cgo=]]></response>
[00:00:05.223] (7f6a50dd11c0) DEBUG  [dbgp] >> context_get -i 8 
[00:00:05.223] (7f6a50dd11c0) DEBUG  [dbgp] << <?xml version="1.0" encoding="iso-8859-1"?>
<response xmlns="urn:debugger_protocol_v1" xmlns:xdebug="https://xdebug.org/dbgp/xdebug" command="context_get" transaction_id="8" context="0"><property name="$bar" fullname="$bar" type="uninitialized"></property><property name="$baz" fullname="$baz" type="uninitialized"></property><property name="$bool" fullname="$bool" type="uninitialized"></property><property name="$float" fullname="$float" type="uninitialized"></property><property name="$foo" fullname="$foo" type="uninitialized"></property><property name="$int" fullname="$int" type="int"><![CDATA[123]]></property><property name="$string" fullname="$string" type="uninitialized"></property></response>
[00:00:05.224] (7f6a50dd11c0) DEBUG  [dbgp] << <?xml version="1.0" encoding="iso-8859-1"?>
<response xmlns="urn:debugger_protocol_v1" xmlns:xdebug="https://xdebug.org/dbgp/xdebug" command="context_get" transaction_id="8" context="0"><property name="$bar" fullname="$bar" type="uninitialized"></property><property name="$baz" fullname="$baz" type="uninitialized"></property><property name="$bool" fullname="$bool" type="uninitialized"></property><property name="$float" fullname="$float" type="uninitialized"></property><property name="$foo" fullname="$foo" type="uninitialized"></property><property name="$int" fullname="$int" type="int"><![CDATA[123]]></property><property name="$string" fullname="$string" type="uninitialized"></property></response>
[00:00:05.227] (7f6a50dd11c0) INFO   Handling event UpdateStatus(Break)
[00:00:05.546] (7f6a50dd11c0) INFO   Handling event Input(KeyEvent { code: Char('n'), modifiers: KeyModifiers(0x0), kind: Press, state: KeyEventState(0x0) })
[00:00:05.551] (7f6a50dd11c0) INFO   Handling event Tick
[00:00:05.555] (7f6a50dd11c0) INFO   Handling event StepInto
[00:00:05.555] (7f6a50bcb6c0) INFO   Running iteration 0/1
[00:00:05.555] (7f6a50bcb6c0) DEBUG  [dbgp] >> step_into -i 9 
[00:00:05.555] (7f6a4b5fa6c0) DEBUG  [dbgp] << <?xml version="1.0" encoding="iso-8859-1"?>
<response xmlns="urn:debugger_protocol_v1" xmlns:xdebug="https://xdebug.org/dbgp/xdebug" command="step_into" transaction_id="9" status="break" reason="ok"><xdebug:message filename="file:///home/daniel/www/dantleech/debug-tui/php/test.php" lineno="5"></xdebug:message></response>
[00:00:05.555] (7f6a4b5fa6c0) DEBUG  [dbgp] << <?xml version="1.0" encoding="iso-8859-1"?>
<response xmlns="urn:debugger_protocol_v1" xmlns:xdebug="https://xdebug.org/dbgp/xdebug" command="step_into" transaction_id="9" status="break" reason="ok"><xdebug:message filename="file:///home/daniel/www/dantleech/debug-tui/php/test.php" lineno="5"></xdebug:message></response>
[00:00:05.558] (7f6a50dd11c0) INFO   Handling event Snapshot
[00:00:05.558] (7f6a50dd11c0) DEBUG  [dbgp] >> stack_get -i 10 -n 0
[00:00:05.558] (7f6a50dd11c0) DEBUG  [dbgp] << <?xml version="1.0" encoding="iso-8859-1"?>
<response xmlns="urn:debugger_protocol_v1" xmlns:xdebug="https://xdebug.org/dbgp/xdebug" command="stack_get" transaction_id="10"><stack where="{main}" level="0" type="file" filename="file:///home/daniel/www/dantleech/debug-tui/php/test.php" lineno="5"></stack></response>
[00:00:05.558] (7f6a50dd11c0) DEBUG  [dbgp] << <?xml version="1.0" encoding="iso-8859-1"?>
<response xmlns="urn:debugger_protocol_v1" xmlns:xdebug="https://xdebug.org/dbgp/xdebug" command="stack_get" transaction_id="10"><stack where="{main}" level="0" type="file" filename="file:///home/daniel/www/dantleech/debug-tui/php/test.php" lineno="5"></stack></response>
[00:00:05.559] (7f6a50dd11c0) DEBUG  [dbgp] >> source -i 11 -f file:///home/daniel/www/dantleech/debug-tui/php/test.php
[00:00:05.569] (7f6a50dd11c0) DEBUG  [dbgp] << <?xml version="1.0" encoding="iso-8859-1"?>
<response xmlns="urn:debugger_protocol_v1" xmlns:xdebug="https://xdebug.org/dbgp/xdebug" command="source" transaction_id="11" encoding="base64"><![CDATA[PD9waHAKCiRpbnQgPSAxMjM7CiRmbG9hdCA9IDEyMy40Owokc3RyaW5nID0gInN0cmluZyI7CiRib29sID0gdHJ1ZTsKCiRiYXogPSAkZm9vICsgJGJhcjsKCihuZXcgRm9vKHRydWUsICJmb28iKSktPm1ldGhvZDMoKTsKY2FsbF9mdW5jdGlvbigiaGVsbG8iKTsKCgoKZnVuY3Rpb24gY2FsbF9mdW5jdGlvbihzdHJpbmcgJGhlbGxvKSB7CiAgICAkdmFyID0gMTIzOwogICAgJG9iaiA9IG5ldyBGb28oZmFsc2UsICdnb29kIGRheScpOwogICAgYW5vdGhlcl9mdW5jdGlvbigkaGVsbG8pOwogICAgYW5vdGhlcl9mdW5jdGlvbigkaGVsbG8pOwogICAgYW5vdGhlcl9mdW5jdGlvbigkaGVsbG8pOwp9CgpmdW5jdGlvbiBhbm90aGVyX2Z1bmN0aW9uKHN0cmluZyAkZ29vZGJ5ZSkgewogICAgZWNobyAkZ29vZGJ5ZTsKCgogICAgZm9yZWFjaCAoWydvbmUnLCAndHdvJywgJ3RocmVlJywgJ2ZvdXInXSBhcyAkbnVtYmVyKSB7CiAgICAgICAgaWYgKCRudW1iZXIgPT09ICdvbmUnKSB7CiAgICAgICAgICAgIGVjaG8gIm51bWJlciI7CiAgICAgICAgfQogICAgICAgIGVjaG8gJG51bWJlcjsKICAgIH0KfQoKY2xhc3MgRm9vIHsKICAgIHB1YmxpYyBmdW5jdGlvbiBfX2NvbnN0cnVjdChwdWJsaWMgYm9vbCAkdHJ1ZSwgcHVibGljIHN0cmluZyAkYmFyKSB7fQogICAgcHVibGljIGZ1bmN0aW9uIG1ldGhvZDEoKSB7CiAgICB9CiAgICBwdWJsaWMgZnVuY3Rpb24gbWV0aG9kMigpIHsKICAgIH0KICAgIHB1YmxpYyBmdW5jdGlvbiBtZXRob2QzKCkgewogICAgfQp9Cgo=]]></response>
[00:00:05.569] (7f6a50dd11c0) DEBUG  [dbgp] << <?xml version="1.0" encoding="iso-8859-1"?>
<response xmlns="urn:debugger_protocol_v1" xmlns:xdebug="https://xdebug.org/dbgp/xdebug" command="source" transaction_id="11" encoding="base64"><![CDATA[PD9waHAKCiRpbnQgPSAxMjM7CiRmbG9hdCA9IDEyMy40Owokc3RyaW5nID0gInN0cmluZyI7CiRib29sID0gdHJ1ZTsKCiRiYXogPSAkZm9vICsgJGJhcjsKCihuZXcgRm9vKHRydWUsICJmb28iKSktPm1ldGhvZDMoKTsKY2FsbF9mdW5jdGlvbigiaGVsbG8iKTsKCgoKZnVuY3Rpb24gY2FsbF9mdW5jdGlvbihzdHJpbmcgJGhlbGxvKSB7CiAgICAkdmFyID0gMTIzOwogICAgJG9iaiA9IG5ldyBGb28oZmFsc2UsICdnb29kIGRheScpOwogICAgYW5vdGhlcl9mdW5jdGlvbigkaGVsbG8pOwogICAgYW5vdGhlcl9mdW5jdGlvbigkaGVsbG8pOwogICAgYW5vdGhlcl9mdW5jdGlvbigkaGVsbG8pOwp9CgpmdW5jdGlvbiBhbm90aGVyX2Z1bmN0aW9uKHN0cmluZyAkZ29vZGJ5ZSkgewogICAgZWNobyAkZ29vZGJ5ZTsKCgogICAgZm9yZWFjaCAoWydvbmUnLCAndHdvJywgJ3RocmVlJywgJ2ZvdXInXSBhcyAkbnVtYmVyKSB7CiAgICAgICAgaWYgKCRudW1iZXIgPT09ICdvbmUnKSB7CiAgICAgICAgICAgIGVjaG8gIm51bWJlciI7CiAgICAgICAgfQogICAgICAgIGVjaG8gJG51bWJlcjsKICAgIH0KfQoKY2xhc3MgRm9vIHsKICAgIHB1YmxpYyBmdW5jdGlvbiBfX2NvbnN0cnVjdChwdWJsaWMgYm9vbCAkdHJ1ZSwgcHVibGljIHN0cmluZyAkYmFyKSB7fQogICAgcHVibGljIGZ1bmN0aW9uIG1ldGhvZDEoKSB7CiAgICB9CiAgICBwdWJsaWMgZnVuY3Rpb24gbWV0aG9kMigpIHsKICAgIH0KICAgIHB1YmxpYyBmdW5jdGlvbiBtZXRob2QzKCkgewogICAgfQp9Cgo=]]></response>
[00:00:05.569] (7f6a50dd11c0) DEBUG  [dbgp] >> context_get -i 12 
[00:00:05.569] (7f6a50dd11c0) DEBUG  [dbgp] << <?xml version="1.0" encoding="iso-8859-1"?>
<response xmlns="urn:debugger_protocol_v1" xmlns:xdebug="https://xdebug.org/dbgp/xdebug" command="context_get" transaction_id="12" context="0"><property name="$bar" fullname="$bar" type="uninitialized"></property><property name="$baz" fullname="$baz" type="uninitialized"></property><property name="$bool" fullname="$bool" type="uninitialized"></property><property name="$float" fullname="$float" type="float"><![CDATA[123.4]]></property><property name="$foo" fullname="$foo" type="uninitialized"></property><property name="$int" fullname="$int" type="int"><![CDATA[123]]></property><property name="$string" fullname="$string" type="uninitialized"></property></response>
[00:00:05.569] (7f6a50dd11c0) DEBUG  [dbgp] << <?xml version="1.0" encoding="iso-8859-1"?>
<response xmlns="urn:debugger_protocol_v1" xmlns:xdebug="https://xdebug.org/dbgp/xdebug" command="context_get" transaction_id="12" context="0"><property name="$bar" fullname="$bar" type="uninitialized"></property><property name="$baz" fullname="$baz" type="uninitialized"></property><property name="$bool" fullname="$bool" type="uninitialized"></property><property name="$float" fullname="$float" type="float"><![CDATA[123.4]]></property><property name="$foo" fullname="$foo" type="uninitialized"></property><property name="$int" fullname="$int" type="int"><![CDATA[123]]></property><property name="$string" fullname="$string" type="uninitialized"></property></response>
[00:00:05.572] (7f6a50dd11c0) INFO   Handling event UpdateStatus(Break)
[00:00:05.829] (7f6a50dd11c0) INFO   Handling event Input(KeyEvent { code: Char('n'), modifiers: KeyModifiers(0x0), kind: Press, state: KeyEventState(0x0) })
[00:00:05.834] (7f6a50dd11c0) INFO   Handling event Tick
[00:00:05.837] (7f6a50dd11c0) INFO   Handling event StepInto
[00:00:05.837] (7f6a4b5fa6c0) INFO   Running iteration 0/1
[00:00:05.837] (7f6a4b5fa6c0) DEBUG  [dbgp] >> step_into -i 13 
[00:00:05.838] (7f6a50bcb6c0) DEBUG  [dbgp] << <?xml version="1.0" encoding="iso-8859-1"?>
<response xmlns="urn:debugger_protocol_v1" xmlns:xdebug="https://xdebug.org/dbgp/xdebug" command="step_into" transaction_id="13" status="break" reason="ok"><xdebug:message filename="file:///home/daniel/www/dantleech/debug-tui/php/test.php" lineno="6"></xdebug:message></response>
[00:00:05.838] (7f6a50bcb6c0) DEBUG  [dbgp] << <?xml version="1.0" encoding="iso-8859-1"?>
<response xmlns="urn:debugger_protocol_v1" xmlns:xdebug="https://xdebug.org/dbgp/xdebug" command="step_into" transaction_id="13" status="break" reason="ok"><xdebug:message filename="file:///home/daniel/www/dantleech/debug-tui/php/test.php" lineno="6"></xdebug:message></response>
[00:00:05.840] (7f6a50dd11c0) INFO   Handling event Snapshot
[00:00:05.840] (7f6a50dd11c0) DEBUG  [dbgp] >> stack_get -i 14 -n 0
[00:00:05.840] (7f6a50dd11c0) DEBUG  [dbgp] << <?xml version="1.0" encoding="iso-8859-1"?>
<response xmlns="urn:debugger_protocol_v1" xmlns:xdebug="https://xdebug.org/dbgp/xdebug" command="stack_get" transaction_id="14"><stack where="{main}" level="0" type="file" filename="file:///home/daniel/www/dantleech/debug-tui/php/test.php" lineno="6"></stack></response>
[00:00:05.840] (7f6a50dd11c0) DEBUG  [dbgp] << <?xml version="1.0" encoding="iso-8859-1"?>
<response xmlns="urn:debugger_protocol_v1" xmlns:xdebug="https://xdebug.org/dbgp/xdebug" command="stack_get" transaction_id="14"><stack where="{main}" level="0" type="file" filename="file:///home/daniel/www/dantleech/debug-tui/php/test.php" lineno="6"></stack></response>
[00:00:05.841] (7f6a50dd11c0) DEBUG  [dbgp] >> source -i 15 -f file:///home/daniel/www/dantleech/debug-tui/php/test.php
[00:00:05.844] (7f6a50dd11c0) DEBUG  [dbgp] << <?xml version="1.0" encoding="iso-8859-1"?>
<response xmlns="urn:debugger_protocol_v1" xmlns:xdebug="https://xdebug.org/dbgp/xdebug" command="source" transaction_id="15" encoding="base64"><![CDATA[PD9waHAKCiRpbnQgPSAxMjM7CiRmbG9hdCA9IDEyMy40Owokc3RyaW5nID0gInN0cmluZyI7CiRib29sID0gdHJ1ZTsKCiRiYXogPSAkZm9vICsgJGJhcjsKCihuZXcgRm9vKHRydWUsICJmb28iKSktPm1ldGhvZDMoKTsKY2FsbF9mdW5jdGlvbigiaGVsbG8iKTsKCgoKZnVuY3Rpb24gY2FsbF9mdW5jdGlvbihzdHJpbmcgJGhlbGxvKSB7CiAgICAkdmFyID0gMTIzOwogICAgJG9iaiA9IG5ldyBGb28oZmFsc2UsICdnb29kIGRheScpOwogICAgYW5vdGhlcl9mdW5jdGlvbigkaGVsbG8pOwogICAgYW5vdGhlcl9mdW5jdGlvbigkaGVsbG8pOwogICAgYW5vdGhlcl9mdW5jdGlvbigkaGVsbG8pOwp9CgpmdW5jdGlvbiBhbm90aGVyX2Z1bmN0aW9uKHN0cmluZyAkZ29vZGJ5ZSkgewogICAgZWNobyAkZ29vZGJ5ZTsKCgogICAgZm9yZWFjaCAoWydvbmUnLCAndHdvJywgJ3RocmVlJywgJ2ZvdXInXSBhcyAkbnVtYmVyKSB7CiAgICAgICAgaWYgKCRudW1iZXIgPT09ICdvbmUnKSB7CiAgICAgICAgICAgIGVjaG8gIm51bWJlciI7CiAgICAgICAgfQogICAgICAgIGVjaG8gJG51bWJlcjsKICAgIH0KfQoKY2xhc3MgRm9vIHsKICAgIHB1YmxpYyBmdW5jdGlvbiBfX2NvbnN0cnVjdChwdWJsaWMgYm9vbCAkdHJ1ZSwgcHVibGljIHN0cmluZyAkYmFyKSB7fQogICAgcHVibGljIGZ1bmN0aW9uIG1ldGhvZDEoKSB7CiAgICB9CiAgICBwdWJsaWMgZnVuY3Rpb24gbWV0aG9kMigpIHsKICAgIH0KICAgIHB1YmxpYyBmdW5jdGlvbiBtZXRob2QzKCkgewogICAgfQp9Cgo=]]></response>
[00:00:05.844] (7f6a50dd11c0) DEBUG  [dbgp] << <?xml version="1.0" encoding="iso-8859-1"?>
<response xmlns="urn:debugger_protocol_v1" xmlns:xdebug="https://xdebug.org/dbgp/xdebug" command="source" transaction_id="15" encoding="base64"><![CDATA[PD9waHAKCiRpbnQgPSAxMjM7CiRmbG9hdCA9IDEyMy40Owokc3RyaW5nID0gInN0cmluZyI7CiRib29sID0gdHJ1ZTsKCiRiYXogPSAkZm9vICsgJGJhcjsKCihuZXcgRm9vKHRydWUsICJmb28iKSktPm1ldGhvZDMoKTsKY2FsbF9mdW5jdGlvbigiaGVsbG8iKTsKCgoKZnVuY3Rpb24gY2FsbF9mdW5jdGlvbihzdHJpbmcgJGhlbGxvKSB7CiAgICAkdmFyID0gMTIzOwogICAgJG9iaiA9IG5ldyBGb28oZmFsc2UsICdnb29kIGRheScpOwogICAgYW5vdGhlcl9mdW5jdGlvbigkaGVsbG8pOwogICAgYW5vdGhlcl9mdW5jdGlvbigkaGVsbG8pOwogICAgYW5vdGhlcl9mdW5jdGlvbigkaGVsbG8pOwp9CgpmdW5jdGlvbiBhbm90aGVyX2Z1bmN0aW9uKHN0cmluZyAkZ29vZGJ5ZSkgewogICAgZWNobyAkZ29vZGJ5ZTsKCgogICAgZm9yZWFjaCAoWydvbmUnLCAndHdvJywgJ3RocmVlJywgJ2ZvdXInXSBhcyAkbnVtYmVyKSB7CiAgICAgICAgaWYgKCRudW1iZXIgPT09ICdvbmUnKSB7CiAgICAgICAgICAgIGVjaG8gIm51bWJlciI7CiAgICAgICAgfQogICAgICAgIGVjaG8gJG51bWJlcjsKICAgIH0KfQoKY2xhc3MgRm9vIHsKICAgIHB1YmxpYyBmdW5jdGlvbiBfX2NvbnN0cnVjdChwdWJsaWMgYm9vbCAkdHJ1ZSwgcHVibGljIHN0cmluZyAkYmFyKSB7fQogICAgcHVibGljIGZ1bmN0aW9uIG1ldGhvZDEoKSB7CiAgICB9CiAgICBwdWJsaWMgZnVuY3Rpb24gbWV0aG9kMigpIHsKICAgIH0KICAgIHB1YmxpYyBmdW5jdGlvbiBtZXRob2QzKCkgewogICAgfQp9Cgo=]]></response>
[00:00:05.844] (7f6a50dd11c0) DEBUG  [dbgp] >> context_get -i 16 
[00:00:05.844] (7f6a50dd11c0) DEBUG  [dbgp] << <?xml version="1.0" encoding="iso-8859-1"?>
<response xmlns="urn:debugger_protocol_v1" xmlns:xdebug="https://xdebug.org/dbgp/xdebug" command="context_get" transaction_id="16" context="0"><property name="$bar" fullname="$bar" type="uninitialized"></property><property name="$baz" fullname="$baz" type="uninitialized"></property><property name="$bool" fullname="$bool" type="uninitialized"></property><property name="$float" fullname="$float" type="float"><![CDATA[123.4]]></property><property name="$foo" fullname="$foo" type="uninitialized"></property><property name="$int" fullname="$int" type="int"><![CDATA[123]]></property><property name="$string" fullname="$string" type="string" size="6" encoding="base64"><![CDATA[c3RyaW5n]]></property></response>
[00:00:05.844] (7f6a50dd11c0) DEBUG  [dbgp] << <?xml version="1.0" encoding="iso-8859-1"?>
<response xmlns="urn:debugger_protocol_v1" xmlns:xdebug="https://xdebug.org/dbgp/xdebug" command="context_get" transaction_id="16" context="0"><property name="$bar" fullname="$bar" type="uninitialized"></property><property name="$baz" fullname="$baz" type="uninitialized"></property><property name="$bool" fullname="$bool" type="uninitialized"></property><property name="$float" fullname="$float" type="float"><![CDATA[123.4]]></property><property name="$foo" fullname="$foo" type="uninitialized"></property><property name="$int" fullname="$int" type="int"><![CDATA[123]]></property><property name="$string" fullname="$string" type="string" size="6" encoding="base64"><![CDATA[c3RyaW5n]]></property></response>
[00:00:05.845] (7f6a50dd11c0) INFO   Handling event UpdateStatus(Break)
[00:00:06.025] (7f6a50dd11c0) INFO   Handling event Input(KeyEvent { code: Char('n'), modifiers: KeyModifiers(0x0), kind: Press, state: KeyEventState(0x0) })
[00:00:06.030] (7f6a50dd11c0) INFO   Handling event Tick
[00:00:06.032] (7f6a50dd11c0) INFO   Handling event StepInto
[00:00:06.033] (7f6a50bcb6c0) INFO   Running iteration 0/1
[00:00:06.033] (7f6a50bcb6c0) DEBUG  [dbgp] >> step_into -i 17 
[00:00:06.033] (7f6a4b5fa6c0) DEBUG  [dbgp] << <?xml version="1.0" encoding="iso-8859-1"?>
<response xmlns="urn:debugger_protocol_v1" xmlns:xdebug="https://xdebug.org/dbgp/xdebug" command="step_into" transaction_id="17" status="break" reason="ok"><xdebug:message filename="file:///home/daniel/www/dantleech/debug-tui/php/test.php" lineno="8"></xdebug:message></response>
[00:00:06.033] (7f6a4b5fa6c0) DEBUG  [dbgp] << <?xml version="1.0" encoding="iso-8859-1"?>
<response xmlns="urn:debugger_protocol_v1" xmlns:xdebug="https://xdebug.org/dbgp/xdebug" command="step_into" transaction_id="17" status="break" reason="ok"><xdebug:message filename="file:///home/daniel/www/dantleech/debug-tui/php/test.php" lineno="8"></xdebug:message></response>
[00:00:06.034] (7f6a50dd11c0) INFO   Handling event Snapshot
[00:00:06.034] (7f6a50dd11c0) DEBUG  [dbgp] >> stack_get -i 18 -n 0
[00:00:06.034] (7f6a50dd11c0) DEBUG  [dbgp] << <?xml version="1.0" encoding="iso-8859-1"?>
<response xmlns="urn:debugger_protocol_v1" xmlns:xdebug="https://xdebug.org/dbgp/xdebug" command="stack_get" transaction_id="18"><stack where="{main}" level="0" type="file" filename="file:///home/daniel/www/dantleech/debug-tui/php/test.php" lineno="8"></stack></response>
[00:00:06.034] (7f6a50dd11c0) DEBUG  [dbgp] << <?xml version="1.0" encoding="iso-8859-1"?>
<response xmlns="urn:debugger_protocol_v1" xmlns:xdebug="https://xdebug.org/dbgp/xdebug" command="stack_get" transaction_id="18"><stack where="{main}" level="0" type="file" filename="file:///home/daniel/www/dantleech/debug-tui/php/test.php" lineno="8"></stack></response>
[00:00:06.034] (7f6a50dd11c0) DEBUG  [dbgp] >> source -i 19 -f file:///home/daniel/www/dantleech/debug-tui/php/test.php
[00:00:06.045] (7f6a50dd11c0) DEBUG  [dbgp] << <?xml version="1.0" encoding="iso-8859-1"?>
<response xmlns="urn:debugger_protocol_v1" xmlns:xdebug="https://xdebug.org/dbgp/xdebug" command="source" transaction_id="19" encoding="base64"><![CDATA[PD9waHAKCiRpbnQgPSAxMjM7CiRmbG9hdCA9IDEyMy40Owokc3RyaW5nID0gInN0cmluZyI7CiRib29sID0gdHJ1ZTsKCiRiYXogPSAkZm9vICsgJGJhcjsKCihuZXcgRm9vKHRydWUsICJmb28iKSktPm1ldGhvZDMoKTsKY2FsbF9mdW5jdGlvbigiaGVsbG8iKTsKCgoKZnVuY3Rpb24gY2FsbF9mdW5jdGlvbihzdHJpbmcgJGhlbGxvKSB7CiAgICAkdmFyID0gMTIzOwogICAgJG9iaiA9IG5ldyBGb28oZmFsc2UsICdnb29kIGRheScpOwogICAgYW5vdGhlcl9mdW5jdGlvbigkaGVsbG8pOwogICAgYW5vdGhlcl9mdW5jdGlvbigkaGVsbG8pOwogICAgYW5vdGhlcl9mdW5jdGlvbigkaGVsbG8pOwp9CgpmdW5jdGlvbiBhbm90aGVyX2Z1bmN0aW9uKHN0cmluZyAkZ29vZGJ5ZSkgewogICAgZWNobyAkZ29vZGJ5ZTsKCgogICAgZm9yZWFjaCAoWydvbmUnLCAndHdvJywgJ3RocmVlJywgJ2ZvdXInXSBhcyAkbnVtYmVyKSB7CiAgICAgICAgaWYgKCRudW1iZXIgPT09ICdvbmUnKSB7CiAgICAgICAgICAgIGVjaG8gIm51bWJlciI7CiAgICAgICAgfQogICAgICAgIGVjaG8gJG51bWJlcjsKICAgIH0KfQoKY2xhc3MgRm9vIHsKICAgIHB1YmxpYyBmdW5jdGlvbiBfX2NvbnN0cnVjdChwdWJsaWMgYm9vbCAkdHJ1ZSwgcHVibGljIHN0cmluZyAkYmFyKSB7fQogICAgcHVibGljIGZ1bmN0aW9uIG1ldGhvZDEoKSB7CiAgICB9CiAgICBwdWJsaWMgZnVuY3Rpb24gbWV0aG9kMigpIHsKICAgIH0KICAgIHB1YmxpYyBmdW5jdGlvbiBtZXRob2QzKCkgewogICAgfQp9Cgo=]]></response>
[00:00:06.045] (7f6a50dd11c0) DEBUG  [dbgp] << <?xml version="1.0" encoding="iso-8859-1"?>
<response xmlns="urn:debugger_protocol_v1" xmlns:xdebug="https://xdebug.org/dbgp/xdebug" command="source" transaction_id="19" encoding="base64"><![CDATA[PD9waHAKCiRpbnQgPSAxMjM7CiRmbG9hdCA9IDEyMy40Owokc3RyaW5nID0gInN0cmluZyI7CiRib29sID0gdHJ1ZTsKCiRiYXogPSAkZm9vICsgJGJhcjsKCihuZXcgRm9vKHRydWUsICJmb28iKSktPm1ldGhvZDMoKTsKY2FsbF9mdW5jdGlvbigiaGVsbG8iKTsKCgoKZnVuY3Rpb24gY2FsbF9mdW5jdGlvbihzdHJpbmcgJGhlbGxvKSB7CiAgICAkdmFyID0gMTIzOwogICAgJG9iaiA9IG5ldyBGb28oZmFsc2UsICdnb29kIGRheScpOwogICAgYW5vdGhlcl9mdW5jdGlvbigkaGVsbG8pOwogICAgYW5vdGhlcl9mdW5jdGlvbigkaGVsbG8pOwogICAgYW5vdGhlcl9mdW5jdGlvbigkaGVsbG8pOwp9CgpmdW5jdGlvbiBhbm90aGVyX2Z1bmN0aW9uKHN0cmluZyAkZ29vZGJ5ZSkgewogICAgZWNobyAkZ29vZGJ5ZTsKCgogICAgZm9yZWFjaCAoWydvbmUnLCAndHdvJywgJ3RocmVlJywgJ2ZvdXInXSBhcyAkbnVtYmVyKSB7CiAgICAgICAgaWYgKCRudW1iZXIgPT09ICdvbmUnKSB7CiAgICAgICAgICAgIGVjaG8gIm51bWJlciI7CiAgICAgICAgfQogICAgICAgIGVjaG8gJG51bWJlcjsKICAgIH0KfQoKY2xhc3MgRm9vIHsKICAgIHB1YmxpYyBmdW5jdGlvbiBfX2NvbnN0cnVjdChwdWJsaWMgYm9vbCAkdHJ1ZSwgcHVibGljIHN0cmluZyAkYmFyKSB7fQogICAgcHVibGljIGZ1bmN0aW9uIG1ldGhvZDEoKSB7CiAgICB9CiAgICBwdWJsaWMgZnVuY3Rpb24gbWV0aG9kMigpIHsKICAgIH0KICAgIHB1YmxpYyBmdW5jdGlvbiBtZXRob2QzKCkgewogICAgfQp9Cgo=]]></response>
[00:00:06.045] (7f6a50dd11c0) DEBUG  [dbgp] >> context_get -i 20 
[00:00:06.046] (7f6a50dd11c0) DEBUG  [dbgp] << <?xml version="1.0" encoding="iso-8859-1"?>
<response xmlns="urn:debugger_protocol_v1" xmlns:xdebug="https://xdebug.org/dbgp/xdebug" command="context_get" transaction_id="20" context="0"><property name="$bar" fullname="$bar" type="uninitialized"></property><property name="$baz" fullname="$baz" type="uninitialized"></property><property name="$bool" fullname="$bool" type="bool"><![CDATA[1]]></property><property name="$float" fullname="$float" type="float"><![CDATA[123.4]]></property><property name="$foo" fullname="$foo" type="uninitialized"></property><property name="$int" fullname="$int" type="int"><![CDATA[123]]></property><property name="$string" fullname="$string" type="string" size="6" encoding="base64"><![CDATA[c3RyaW5n]]></property></response>
[00:00:06.046] (7f6a50dd11c0) DEBUG  [dbgp] << <?xml version="1.0" encoding="iso-8859-1"?>
<response xmlns="urn:debugger_protocol_v1" xmlns:xdebug="https://xdebug.org/dbgp/xdebug" command="context_get" transaction_id="20" context="0"><property name="$bar" fullname="$bar" type="uninitialized"></property><property name="$baz" fullname="$baz" type="uninitialized"></property><property name="$bool" fullname="$bool" type="bool"><![CDATA[1]]></property><property name="$float" fullname="$float" type="float"><![CDATA[123.4]]></property><property name="$foo" fullname="$foo" type="uninitialized"></property><property name="$int" fullname="$int" type="int"><![CDATA[123]]></property><property name="$string" fullname="$string" type="string" size="6" encoding="base64"><![CDATA[c3RyaW5n]]></property></response>
[00:00:06.048] (7f6a50dd11c0) INFO   Handling event UpdateStatus(Break)
[00:00:07.026] (7f6a50dd11c0) INFO   Handling event Tick
[00:00:07.337] (7f6a50dd11c0) INFO   Handling event Input(KeyEvent { code: Char('n'), modifiers: KeyModifiers(0x0), kind: Press, state: KeyEventState(0x0) })
[00:00:07.341] (7f6a50dd11c0) INFO   Handling event Tick
[00:00:07.345] (7f6a50dd11c0) INFO   Handling event StepInto
[00:00:07.345] (7f6a4b5fa6c0) INFO   Running iteration 0/1
[00:00:07.345] (7f6a4b5fa6c0) DEBUG  [dbgp] >> step_into -i 21 
[00:00:07.346] (7f6a50bcb6c0) DEBUG  [dbgp] << <?xml version="1.0" encoding="iso-8859-1"?>
<response xmlns="urn:debugger_protocol_v1" xmlns:xdebug="https://xdebug.org/dbgp/xdebug" command="step_into" transaction_id="21" status="break" reason="ok"><xdebug:message filename="file:///home/daniel/www/dantleech/debug-tui/php/test.php" lineno="10"></xdebug:message></response>
[00:00:07.346] (7f6a50bcb6c0) DEBUG  [dbgp] << <?xml version="1.0" encoding="iso-8859-1"?>
<response xmlns="urn:debugger_protocol_v1" xmlns:xdebug="https://xdebug.org/dbgp/xdebug" command="step_into" transaction_id="21" status="break" reason="ok"><xdebug:message filename="file:///home/daniel/www/dantleech/debug-tui/php/test.php" lineno="10"></xdebug:message></response>
[00:00:07.348] (7f6a50dd11c0) INFO   Handling event Snapshot
[00:00:07.348] (7f6a50dd11c0) DEBUG  [dbgp] >> stack_get -i 22 -n 0
[00:00:07.348] (7f6a50dd11c0) DEBUG  [dbgp] << <?xml version="1.0" encoding="iso-8859-1"?>
<response xmlns="urn:debugger_protocol_v1" xmlns:xdebug="https://xdebug.org/dbgp/xdebug" command="stack_get" transaction_id="22"><stack where="{main}" level="0" type="file" filename="file:///home/daniel/www/dantleech/debug-tui/php/test.php" lineno="10"></stack></response>
[00:00:07.349] (7f6a50dd11c0) DEBUG  [dbgp] << <?xml version="1.0" encoding="iso-8859-1"?>
<response xmlns="urn:debugger_protocol_v1" xmlns:xdebug="https://xdebug.org/dbgp/xdebug" command="stack_get" transaction_id="22"><stack where="{main}" level="0" type="file" filename="file:///home/daniel/www/dantleech/debug-tui/php/test.php" lineno="10"></stack></response>
[00:00:07.349] (7f6a50dd11c0) DEBUG  [dbgp] >> source -i 23 -f file:///home/daniel/www/dantleech/debug-tui/php/test.php
[00:00:07.357] (7f6a50dd11c0) DEBUG  [dbgp] << <?xml version="1.0" encoding="iso-8859-1"?>
<response xmlns="urn:debugger_protocol_v1" xmlns:xdebug="https://xdebug.org/dbgp/xdebug" command="source" transaction_id="23" encoding="base64"><![CDATA[PD9waHAKCiRpbnQgPSAxMjM7CiRmbG9hdCA9IDEyMy40Owokc3RyaW5nID0gInN0cmluZyI7CiRib29sID0gdHJ1ZTsKCiRiYXogPSAkZm9vICsgJGJhcjsKCihuZXcgRm9vKHRydWUsICJmb28iKSktPm1ldGhvZDMoKTsKY2FsbF9mdW5jdGlvbigiaGVsbG8iKTsKCgoKZnVuY3Rpb24gY2FsbF9mdW5jdGlvbihzdHJpbmcgJGhlbGxvKSB7CiAgICAkdmFyID0gMTIzOwogICAgJG9iaiA9IG5ldyBGb28oZmFsc2UsICdnb29kIGRheScpOwogICAgYW5vdGhlcl9mdW5jdGlvbigkaGVsbG8pOwogICAgYW5vdGhlcl9mdW5jdGlvbigkaGVsbG8pOwogICAgYW5vdGhlcl9mdW5jdGlvbigkaGVsbG8pOwp9CgpmdW5jdGlvbiBhbm90aGVyX2Z1bmN0aW9uKHN0cmluZyAkZ29vZGJ5ZSkgewogICAgZWNobyAkZ29vZGJ5ZTsKCgogICAgZm9yZWFjaCAoWydvbmUnLCAndHdvJywgJ3RocmVlJywgJ2ZvdXInXSBhcyAkbnVtYmVyKSB7CiAgICAgICAgaWYgKCRudW1iZXIgPT09ICdvbmUnKSB7CiAgICAgICAgICAgIGVjaG8gIm51bWJlciI7CiAgICAgICAgfQogICAgICAgIGVjaG8gJG51bWJlcjsKICAgIH0KfQoKY2xhc3MgRm9vIHsKICAgIHB1YmxpYyBmdW5jdGlvbiBfX2NvbnN0cnVjdChwdWJsaWMgYm9vbCAkdHJ1ZSwgcHVibGljIHN0cmluZyAkYmFyKSB7fQogICAgcHVibGljIGZ1bmN0aW9uIG1ldGhvZDEoKSB7CiAgICB9CiAgICBwdWJsaWMgZnVuY3Rpb24gbWV0aG9kMigpIHsKICAgIH0KICAgIHB1YmxpYyBmdW5jdGlvbiBtZXRob2QzKCkgewogICAgfQp9Cgo=]]></response>
[00:00:07.357] (7f6a50dd11c0) DEBUG  [dbgp] << <?xml version="1.0" encoding="iso-8859-1"?>
<response xmlns="urn:debugger_protocol_v1" xmlns:xdebug="https://xdebug.org/dbgp/xdebug" command="source" transaction_id="23" encoding="base64"><![CDATA[PD9waHAKCiRpbnQgPSAxMjM7CiRmbG9hdCA9IDEyMy40Owokc3RyaW5nID0gInN0cmluZyI7CiRib29sID0gdHJ1ZTsKCiRiYXogPSAkZm9vICsgJGJhcjsKCihuZXcgRm9vKHRydWUsICJmb28iKSktPm1ldGhvZDMoKTsKY2FsbF9mdW5jdGlvbigiaGVsbG8iKTsKCgoKZnVuY3Rpb24gY2FsbF9mdW5jdGlvbihzdHJpbmcgJGhlbGxvKSB7CiAgICAkdmFyID0gMTIzOwogICAgJG9iaiA9IG5ldyBGb28oZmFsc2UsICdnb29kIGRheScpOwogICAgYW5vdGhlcl9mdW5jdGlvbigkaGVsbG8pOwogICAgYW5vdGhlcl9mdW5jdGlvbigkaGVsbG8pOwogICAgYW5vdGhlcl9mdW5jdGlvbigkaGVsbG8pOwp9CgpmdW5jdGlvbiBhbm90aGVyX2Z1bmN0aW9uKHN0cmluZyAkZ29vZGJ5ZSkgewogICAgZWNobyAkZ29vZGJ5ZTsKCgogICAgZm9yZWFjaCAoWydvbmUnLCAndHdvJywgJ3RocmVlJywgJ2ZvdXInXSBhcyAkbnVtYmVyKSB7CiAgICAgICAgaWYgKCRudW1iZXIgPT09ICdvbmUnKSB7CiAgICAgICAgICAgIGVjaG8gIm51bWJlciI7CiAgICAgICAgfQogICAgICAgIGVjaG8gJG51bWJlcjsKICAgIH0KfQoKY2xhc3MgRm9vIHsKICAgIHB1YmxpYyBmdW5jdGlvbiBfX2NvbnN0cnVjdChwdWJsaWMgYm9vbCAkdHJ1ZSwgcHVibGljIHN0cmluZyAkYmFyKSB7fQogICAgcHVibGljIGZ1bmN0aW9uIG1ldGhvZDEoKSB7CiAgICB9CiAgICBwdWJsaWMgZnVuY3Rpb24gbWV0aG9kMigpIHsKICAgIH0KICAgIHB1YmxpYyBmdW5jdGlvbiBtZXRob2QzKCkgewogICAgfQp9Cgo=]]></response>
[00:00:07.358] (7f6a50dd11c0) DEBUG  [dbgp] >> context_get -i 24 
[00:00:07.358] (7f6a50dd11c0) DEBUG  [dbgp] << <?xml version="1.0" encoding="iso-8859-1"?>
<response xmlns="urn:debugger_protocol_v1" xmlns:xdebug="https://xdebug.org/dbgp/xdebug" command="context_get" transaction_id="24" context="0"><property name="$bar" fullname="$bar" type="uninitialized"></property><property name="$baz" fullname="$baz" type="int"><![CDATA[0]]></property><property name="$bool" fullname="$bool" type="bool"><![CDATA[1]]></property><property name="$float" fullname="$float" type="float"><![CDATA[123.4]]></property><property name="$foo" fullname="$foo" type="uninitialized"></property><property name="$int" fullname="$int" type="int"><![CDATA[123]]></property><property name="$string" fullname="$string" type="string" size="6" encoding="base64"><![CDATA[c3RyaW5n]]></property></response>
[00:00:07.359] (7f6a50dd11c0) DEBUG  [dbgp] << <?xml version="1.0" encoding="iso-8859-1"?>
<response xmlns="urn:debugger_protocol_v1" xmlns:xdebug="https://xdebug.org/dbgp/xdebug" command="context_get" transaction_id="24" context="0"><property name="$bar" fullname="$bar" type="uninitialized"></property><property name="$baz" fullname="$baz" type="int"><![CDATA[0]]></property><property name="$bool" fullname="$bool" type="bool"><![CDATA[1]]></property><property name="$float" fullname="$float" type="float"><![CDATA[123.4]]></property><property name="$foo" fullname="$foo" type="uninitialized"></property><property name="$int" fullname="$int" type="int"><![CDATA[123]]></property><property name="$string" fullname="$string" type="string" size="6" encoding="base64"><![CDATA[c3RyaW5n]]></property></response>
[00:00:07.364] (7f6a50dd11c0) INFO   Handling event UpdateStatus(Break)
[00:00:08.338] (7f6a50dd11c0) INFO   Handling event Tick
[00:00:09.339] (7f6a50dd11c0) INFO   Handling event Tick
[00:00:10.339] (7f6a50dd11c0) INFO   Handling event Tick
[00:00:11.340] (7f6a50dd11c0) INFO   Handling event Tick
[00:00:12.341] (7f6a50dd11c0) INFO   Handling event Tick
[00:00:13.342] (7f6a50dd11c0) INFO   Handling event Tick
[00:00:14.343] (7f6a50dd11c0) INFO   Handling event Tick
[00:00:15.345] (7f6a50dd11c0) INFO   Handling event Tick
[00:00:16.346] (7f6a50dd11c0) INFO   Handling event Tick
[00:00:17.346] (7f6a50dd11c0) INFO   Handling event Tick
[00:00:18.347] (7f6a50dd11c0) INFO   Handling event Tick
[00:00:19.347] (7f6a50dd11c0) INFO   Handling event Tick
[00:00:20.348] (7f6a50dd11c0) INFO   Handling event Tick
[00:00:21.350] (7f6a50dd11c0) INFO   Handling event Tick
[00:00:22.350] (7f6a50dd11c0) INFO   Handling event Tick
[00:00:23.351] (7f6a50dd11c0) INFO   Handling event Tick
[00:00:24.352] (7f6a50dd11c0) INFO   Handling event Tick
